// Jest Snapshot v1, https://goo.gl/fbAQLP

exports[`Should render the footer 1`] = `
<div>
  <footer>
    <div>
      <p>
        Â© Guestbook lab 2021
      </p>
    </div>
  </footer>
</div>
`;
